{"level":"info","time":"2026-02-28T12:38:41Z","message":"Thank you for trying Cloudflare Tunnel. Doing so, without a Cloudflare account, is a quick way to experiment and try it out. However, be aware that these account-less Tunnels have no uptime guarantee, are subject to the Cloudflare Online Services Terms of Use (https://www.cloudflare.com/website-terms/), and Cloudflare reserves the right to investigate your use of Tunnels for violations of such terms. If you intend to use Tunnels in production you should use a pre-created named tunnel by following: https://developers.cloudflare.com/cloudflare-one/connections/connect-apps"}
{"level":"info","time":"2026-02-28T12:38:41Z","message":"Requesting new quick Tunnel on trycloudflare.com..."}
{"level":"info","time":"2026-02-28T12:38:43Z","message":"Thank you for trying Cloudflare Tunnel. Doing so, without a Cloudflare account, is a quick way to experiment and try it out. However, be aware that these account-less Tunnels have no uptime guarantee, are subject to the Cloudflare Online Services Terms of Use (https://www.cloudflare.com/website-terms/), and Cloudflare reserves the right to investigate your use of Tunnels for violations of such terms. If you intend to use Tunnels in production you should use a pre-created named tunnel by following: https://developers.cloudflare.com/cloudflare-one/connections/connect-apps"}
{"level":"info","time":"2026-02-28T12:38:43Z","message":"Requesting new quick Tunnel on trycloudflare.com..."}
{"level":"info","time":"2026-02-28T12:38:46Z","message":"Thank you for trying Cloudflare Tunnel. Doing so, without a Cloudflare account, is a quick way to experiment and try it out. However, be aware that these account-less Tunnels have no uptime guarantee, are subject to the Cloudflare Online Services Terms of Use (https://www.cloudflare.com/website-terms/), and Cloudflare reserves the right to investigate your use of Tunnels for violations of such terms. If you intend to use Tunnels in production you should use a pre-created named tunnel by following: https://developers.cloudflare.com/cloudflare-one/connections/connect-apps"}
{"level":"info","time":"2026-02-28T12:38:46Z","message":"Requesting new quick Tunnel on trycloudflare.com..."}
{"level":"info","time":"2026-02-28T12:38:50Z","message":"Thank you for trying Cloudflare Tunnel. Doing so, without a Cloudflare account, is a quick way to experiment and try it out. However, be aware that these account-less Tunnels have no uptime guarantee, are subject to the Cloudflare Online Services Terms of Use (https://www.cloudflare.com/website-terms/), and Cloudflare reserves the right to investigate your use of Tunnels for violations of such terms. If you intend to use Tunnels in production you should use a pre-created named tunnel by following: https://developers.cloudflare.com/cloudflare-one/connections/connect-apps"}
{"level":"info","time":"2026-02-28T12:38:50Z","message":"Requesting new quick Tunnel on trycloudflare.com..."}
{"level":"info","time":"2026-02-28T12:38:55Z","message":"+--------------------------------------------------------------------------------------------+"}
{"level":"info","time":"2026-02-28T12:38:55Z","message":"|  Your quick Tunnel has been created! Visit it at (it may take some time to be reachable):  |"}
{"level":"info","time":"2026-02-28T12:38:55Z","message":"|  https://controversial-papua-rats-stuff.trycloudflare.com                                  |"}
{"level":"info","time":"2026-02-28T12:38:55Z","message":"+--------------------------------------------------------------------------------------------+"}
{"level":"info","time":"2026-02-28T12:38:55Z","message":"Cannot determine default configuration path. No file [config.yml config.yaml] in [~/.cloudflared ~/.cloudflare-warp ~/cloudflare-warp /etc/cloudflared /usr/local/etc/cloudflared]"}
{"level":"info","time":"2026-02-28T12:38:55Z","message":"Version 2026.2.0 (Checksum 176746db3be7dc7bd48f3dd287c8930a4645ebb6e6700f883fddda5a4c307c16)"}
{"level":"info","time":"2026-02-28T12:38:55Z","message":"GOOS: linux, GOVersion: go1.24.13, GoArch: amd64"}
{"level":"info","time":"2026-02-28T12:38:55Z","message":"Settings: map[ha-connections:1 logfile:./cloudflared.log metrics:localhost:45678 protocol:quic url:ssh://localhost:22]"}
{"level":"info","autoupdateFreq":86400000,"time":"2026-02-28T12:38:55Z","message":"Autoupdate frequency is set"}
{"level":"info","time":"2026-02-28T12:38:55Z","message":"Generated Connector ID: c5869d16-9a2a-45b0-b751-94c1cab6cb68"}
{"level":"info","time":"2026-02-28T12:38:55Z","message":"Initial protocol quic"}
{"level":"info","time":"2026-02-28T12:38:55Z","message":"ICMP proxy will use 172.28.0.12 as source for IPv4"}
{"level":"info","time":"2026-02-28T12:38:55Z","message":"ICMP proxy will use ::1 in zone lo as source for IPv6"}
{"level":"info","time":"2026-02-28T12:38:55Z","message":"ICMP proxy will use 172.28.0.12 as source for IPv4"}
{"level":"info","time":"2026-02-28T12:38:55Z","message":"ICMP proxy will use ::1 in zone lo as source for IPv6"}
{"level":"info","time":"2026-02-28T12:38:55Z","message":"Starting metrics server on 127.0.0.1:45678/metrics"}
{"level":"info","event":0,"ip":"198.41.200.13","connIndex":0,"time":"2026-02-28T12:38:55Z","message":"Tunnel connection curve preferences: [X25519MLKEM768 CurveP256]"}
{"level":"info","event":0,"connection":"d18d10f9-800f-470e-988b-5e015fd8298d","connIndex":0,"location":"sin12","ip":"198.41.200.13","protocol":"quic","time":"2026-02-28T12:38:55Z","message":"Registered tunnel connection"}
